// Jest Snapshot v1, https://goo.gl/fbAQLP

exports[`ClassInheritance contract is converted to a valid CIBUpgradeable contract 1`] = `
"pragma solidity ^0.5.0;
import \\"../ClassInheritance.sol\\";
import \\"./Initializable.sol\\";

contract CIAUpgradeable is Initializable {
    uint256 public foo;
    event log(string);
    
    function __CIA_init(uint bar) internal initializer {
        __CIA_init_unchained(bar);
    }

    function __CIA_init_unchained(uint bar) internal initializer {
        
        
        foo = bar;
        emit log(\\"SIA\\");
    
    }

}

contract CIBUpgradeable is Initializable, CIAUpgradeable {
    function __CIB_init() internal initializer {
        __CIA_init_unchained(324);
        __CIB_init_unchained();
    }

    function __CIB_init_unchained() internal initializer {
        
        val = 123;
        
    }

    uint256 public val ;
}"
`;
