// Jest Snapshot v1, https://goo.gl/fbAQLP

exports[`Diamond contract is converted to a valid DCUpgradeable contract 1`] = `
"pragma solidity ^0.5.0;
import \\"../DiamondInheritance.sol\\";
import \\"./Initializable.sol\\";

contract DAUpgradeable is Initializable {
    function __DA_init() internal initializer {
        __DA_init_unchained();
    }

    function __DA_init_unchained() internal initializer {
        
        foo = 42;
        
        emit Log(\\"DA\\");
    
    }

    event Log(string);
    uint256 public foo ;
    
}

contract DB1Upgradeable is Initializable, DAUpgradeable {
    function __DB1_init() internal initializer {
        __DA_init_unchained();
        __DB1_init_unchained();
    }

    function __DB1_init_unchained() internal initializer {
        
        hello = \\"hello\\";
        
        emit Log(\\"DB1\\");
    
    }

    string public hello ;
    
}

contract DB2Upgradeable is Initializable, DAUpgradeable {
    function __DB2_init() internal initializer {
        __DA_init_unchained();
        __DB2_init_unchained();
    }

    function __DB2_init_unchained() internal initializer {
        
        bar = true;
        
        emit Log(\\"DB2\\");
    
    }

    bool public bar ;
    
}

contract DCUpgradeable is Initializable, DB2Upgradeable, DB1Upgradeable {
    function __DC_init() internal initializer {
        __DA_init_unchained();
        __DB2_init_unchained();
        __DB1_init_unchained();
        __DC_init_unchained();
    }

    function __DC_init_unchained() internal initializer {
        
        owner = address(0x123);
        
        emit Log(\\"DC\\");
    
    }

    address public owner ;
    
}"
`;
